app/(dashboard)/clientes/page.tsx(25,17): error TS2322: Type '{ id: any; full_name: any; rol: any; }[]' is not assignable to type 'Profile[]'.
  Type '{ id: any; full_name: any; rol: any; }' is missing the following properties from type 'Profile': activo, created_at, updated_at
app/(dashboard)/cuentas/page.tsx(23,74): error TS2322: Type '{ id: any; full_name: any; }[]' is not assignable to type 'Profile[]'.
  Type '{ id: any; full_name: any; }' is missing the following properties from type 'Profile': rol, activo, created_at, updated_at
app/(dashboard)/dashboard/page.tsx(165,47): error TS2345: Argument of type '(d: { id: string; fecha_corte: string; saldo_pendiente: number; etapa: string; cliente: { nombre: string; apellido: string; telefono: string; } | null; }) => JSX.Element' is not assignable to parameter of type '(value: { id: any; fecha_corte: any; saldo_pendiente: any; etapa: any; cliente: { nombre: any; apellido: any; telefono: any; }[]; }, index: number, array: { id: any; fecha_corte: any; saldo_pendiente: any; etapa: any; cliente: { ...; }[]; }[]) => Element'.
  Types of parameters 'd' and 'value' are incompatible.
    Type '{ id: any; fecha_corte: any; saldo_pendiente: any; etapa: any; cliente: { nombre: any; apellido: any; telefono: any; }[]; }' is not assignable to type '{ id: string; fecha_corte: string; saldo_pendiente: number; etapa: string; cliente: { nombre: string; apellido: string; telefono: string; } | null; }'.
      Types of property 'cliente' are incompatible.
        Type '{ nombre: any; apellido: any; telefono: any; }[]' is missing the following properties from type '{ nombre: string; apellido: string; telefono: string; }': nombre, apellido, telefono
components/cuentas/deuda-form.tsx(43,9): error TS2322: Type 'Resolver<{ cliente_id: string; monto_original: unknown; saldo_pendiente: unknown; fecha_corte: string; descripcion?: string | undefined; tasa_interes?: unknown; es_deuda_existente?: boolean | undefined; fecha_deuda_origen?: string | undefined; agente_id?: string | undefined; dias_antes_vencimiento?: unknown; frecuen...' is not assignable to type 'Resolver<{ cliente_id: string; monto_original: number; saldo_pendiente: number; tasa_interes: number; fecha_corte: string; es_deuda_existente: boolean; dias_antes_vencimiento: number; frecuencia_mora_h: number; frecuencia_recuperacion_h: number; descripcion?: string | undefined; fecha_deuda_origen?: string | undefin...'.
  Types of parameters 'options' and 'options' are incompatible.
    Type 'ResolverOptions<{ cliente_id: string; monto_original: number; saldo_pendiente: number; tasa_interes: number; fecha_corte: string; es_deuda_existente: boolean; dias_antes_vencimiento: number; frecuencia_mora_h: number; frecuencia_recuperacion_h: number; descripcion?: string | undefined; fecha_deuda_origen?: string | ...' is not assignable to type 'ResolverOptions<{ cliente_id: string; monto_original: unknown; saldo_pendiente: unknown; fecha_corte: string; descripcion?: string | undefined; tasa_interes?: unknown; es_deuda_existente?: boolean | undefined; fecha_deuda_origen?: string | undefined; agente_id?: string | undefined; dias_antes_vencimiento?: unknown; ...'.
      Type 'unknown' is not assignable to type 'number'.
components/cuentas/deuda-form.tsx(103,46): error TS2345: Argument of type '(data: DeudaFormData) => void' is not assignable to parameter of type 'SubmitHandler<TFieldValues>'.
  Types of parameters 'data' and 'data' are incompatible.
    Type 'TFieldValues' is not assignable to type '{ cliente_id: string; monto_original: number; saldo_pendiente: number; tasa_interes: number; fecha_corte: string; es_deuda_existente: boolean; dias_antes_vencimiento: number; frecuencia_mora_h: number; frecuencia_recuperacion_h: number; descripcion?: string | undefined; fecha_deuda_origen?: string | undefined; agent...'.
      Type 'FieldValues' is missing the following properties from type '{ cliente_id: string; monto_original: number; saldo_pendiente: number; tasa_interes: number; fecha_corte: string; es_deuda_existente: boolean; dias_antes_vencimiento: number; frecuencia_mora_h: number; frecuencia_recuperacion_h: number; descripcion?: string | undefined; fecha_deuda_origen?: string | undefined; agent...': cliente_id, monto_original, saldo_pendiente, tasa_interes, and 5 more.
components/logs/logs-view.tsx(28,11): error TS2430: Interface 'LogEntry' incorrectly extends interface 'Partial<EnvioLog>'.
  Types of property 'etapa' are incompatible.
    Type 'string' is not assignable to type 'EtapaCobranza | undefined'.
components/plantillas/plantillas-view.tsx(52,9): error TS2322: Type 'Resolver<{ nombre: string; etapa: "preventivo" | "mora_temprana" | "mora_alta" | "recuperacion" | "referencia"; contenido: string; activo?: boolean | undefined; }, any, { nombre: string; etapa: "preventivo" | ... 3 more ... | "referencia"; contenido: string; activo: boolean; }>' is not assignable to type 'Resolver<{ nombre: string; etapa: "preventivo" | "mora_temprana" | "mora_alta" | "recuperacion" | "referencia"; contenido: string; activo: boolean; }, any, { nombre: string; etapa: "preventivo" | "mora_temprana" | "mora_alta" | "recuperacion" | "referencia"; contenido: string; activo: boolean; }>'.
  Types of parameters 'options' and 'options' are incompatible.
    Type 'ResolverOptions<{ nombre: string; etapa: "preventivo" | "mora_temprana" | "mora_alta" | "recuperacion" | "referencia"; contenido: string; activo: boolean; }>' is not assignable to type 'ResolverOptions<{ nombre: string; etapa: "preventivo" | "mora_temprana" | "mora_alta" | "recuperacion" | "referencia"; contenido: string; activo?: boolean | undefined; }>'.
      Type 'boolean | undefined' is not assignable to type 'boolean'.
        Type 'undefined' is not assignable to type 'boolean'.
components/plantillas/plantillas-view.tsx(87,46): error TS2345: Argument of type '(data: PlantillaFormData) => void' is not assignable to parameter of type 'SubmitHandler<TFieldValues>'.
  Types of parameters 'data' and 'data' are incompatible.
    Type 'TFieldValues' is not assignable to type '{ nombre: string; etapa: "preventivo" | "mora_temprana" | "mora_alta" | "recuperacion" | "referencia"; contenido: string; activo: boolean; }'.
      Type 'FieldValues' is missing the following properties from type '{ nombre: string; etapa: "preventivo" | "mora_temprana" | "mora_alta" | "recuperacion" | "referencia"; contenido: string; activo: boolean; }': nombre, etapa, contenido, activo
components/referencias/referencias-view.tsx(41,9): error TS2322: Type 'Resolver<{ cliente_id: string; nombre: string; telefono: string; relacion?: string | undefined; estado_contacto?: "pendiente" | "contactado" | "entregado" | "no_responde" | undefined; notas?: string | undefined; }, any, { ...; }>' is not assignable to type 'Resolver<{ cliente_id: string; nombre: string; telefono: string; estado_contacto: "pendiente" | "contactado" | "entregado" | "no_responde"; relacion?: string | undefined; notas?: string | undefined; }, any, { ...; }>'.
  Types of parameters 'options' and 'options' are incompatible.
    Type 'ResolverOptions<{ cliente_id: string; nombre: string; telefono: string; estado_contacto: "pendiente" | "contactado" | "entregado" | "no_responde"; relacion?: string | undefined; notas?: string | undefined; }>' is not assignable to type 'ResolverOptions<{ cliente_id: string; nombre: string; telefono: string; relacion?: string | undefined; estado_contacto?: "pendiente" | "contactado" | "entregado" | "no_responde" | undefined; notas?: string | undefined; }>'.
      Type '"pendiente" | "contactado" | "entregado" | "no_responde" | undefined' is not assignable to type '"pendiente" | "contactado" | "entregado" | "no_responde"'.
        Type 'undefined' is not assignable to type '"pendiente" | "contactado" | "entregado" | "no_responde"'.
components/referencias/referencias-view.tsx(71,46): error TS2345: Argument of type '(data: ReferenciaFormData) => void' is not assignable to parameter of type 'SubmitHandler<TFieldValues>'.
  Types of parameters 'data' and 'data' are incompatible.
    Type 'TFieldValues' is not assignable to type '{ cliente_id: string; nombre: string; telefono: string; estado_contacto: "pendiente" | "contactado" | "entregado" | "no_responde"; relacion?: string | undefined; notas?: string | undefined; }'.
      Type 'FieldValues' is missing the following properties from type '{ cliente_id: string; nombre: string; telefono: string; estado_contacto: "pendiente" | "contactado" | "entregado" | "no_responde"; relacion?: string | undefined; notas?: string | undefined; }': cliente_id, nombre, telefono, estado_contacto
components/usuarios/usuarios-view.tsx(35,9): error TS2322: Type 'Resolver<{ email: string; full_name: string; rol?: "admin" | "agente" | undefined; }, any, { email: string; full_name: string; rol: "admin" | "agente"; }>' is not assignable to type 'Resolver<{ email: string; full_name: string; rol: "admin" | "agente"; }, any, { email: string; full_name: string; rol: "admin" | "agente"; }>'.
  Types of parameters 'options' and 'options' are incompatible.
    Type 'ResolverOptions<{ email: string; full_name: string; rol: "admin" | "agente"; }>' is not assignable to type 'ResolverOptions<{ email: string; full_name: string; rol?: "admin" | "agente" | undefined; }>'.
      Type '"admin" | "agente" | undefined' is not assignable to type '"admin" | "agente"'.
        Type 'undefined' is not assignable to type '"admin" | "agente"'.
components/usuarios/usuarios-view.tsx(111,50): error TS2345: Argument of type '(data: UsuarioInviteFormData) => void' is not assignable to parameter of type 'SubmitHandler<TFieldValues>'.
  Types of parameters 'data' and 'data' are incompatible.
    Type 'TFieldValues' is not assignable to type '{ email: string; full_name: string; rol: "admin" | "agente"; }'.
      Type 'FieldValues' is missing the following properties from type '{ email: string; full_name: string; rol: "admin" | "agente"; }': email, full_name, rol
components/webhooks/webhooks-view.tsx(28,9): error TS2322: Type 'Resolver<{ nombre: string; url: string; descripcion?: string | undefined; activo?: boolean | undefined; }, any, { nombre: string; url: string; activo: boolean; descripcion?: string | undefined; }>' is not assignable to type 'Resolver<{ nombre: string; url: string; activo: boolean; descripcion?: string | undefined; }, any, { nombre: string; url: string; activo: boolean; descripcion?: string | undefined; }>'.
  Types of parameters 'options' and 'options' are incompatible.
    Type 'ResolverOptions<{ nombre: string; url: string; activo: boolean; descripcion?: string | undefined; }>' is not assignable to type 'ResolverOptions<{ nombre: string; url: string; descripcion?: string | undefined; activo?: boolean | undefined; }>'.
      Type 'boolean | undefined' is not assignable to type 'boolean'.
        Type 'undefined' is not assignable to type 'boolean'.
components/webhooks/webhooks-view.tsx(51,46): error TS2345: Argument of type '(data: WebhookFormData) => void' is not assignable to parameter of type 'SubmitHandler<TFieldValues>'.
  Types of parameters 'data' and 'data' are incompatible.
    Type 'TFieldValues' is not assignable to type '{ nombre: string; url: string; activo: boolean; descripcion?: string | undefined; }'.
      Type 'FieldValues' is missing the following properties from type '{ nombre: string; url: string; activo: boolean; descripcion?: string | undefined; }': nombre, url, activo
